### CLEAN ROOM D — 2026-09-11T00:13:08Z
### purpose: re-verify after the CSV-exclusion language correction (QA gate Q14)
### host: Linux 6.18.44-fc-v24 GNU/Linux   python: Python 3.11.15
### archive sha256: 6f806872980ac18099438ec2f1b5e71a47b99f5f4f1a52580d44f87420ae7386
### pip install -r requirements.lock
[notice] A new release of pip is available: 24.0 -> 26.2.1
[notice] To update, run: python3 -m pip install --upgrade pip
### installed:
PyYAML==6.0.3
attrs==26.1.0
contourpy==1.3.3
cycler==0.12.1
fonttools==4.64.0
jsonschema-specifications==2025.9.1
jsonschema==4.26.0
kiwisolver==1.5.1
matplotlib==3.11.1
numpy==2.4.6
packaging==26.3
pillow==12.3.0
pyparsing==3.3.2
python-dateutil==2.9.0.post0
referencing==0.37.0
rpds-py==2026.6.3
six==1.17.0
typing_extensions==4.16.0
### bash code/run_all.sh
release state: DRAFT v0.1.0-draft, no DOI
[fetch] cloning hrbrmstr from https://github.com/hrbrmstr/cisa-known-exploited-vulns.git
[fetch] hrbrmstr: checked out pinned 3e428ceaa1e1
[fetch] cloning cisagov from https://github.com/cisagov/kev-data.git
[fetch] cisagov: checked out pinned f6fafe2585c7
[fetch] cloning lucagrippa from https://github.com/lucagrippa/cisa-kev-archive.git
[fetch] lucagrippa: checked out pinned 276aa25018e0
[fetch] schema copied: 3407 bytes, sha256=577f4ccc06b7b7c6...
[fetch] third-source manifest: 1590/1753 CSVs byte-identical to primary; 1113 JSON files used
[fetch] pins written to data/raw/source_pins.json
[build] reading CSV snapshots ...
[build]   1760 snapshot files, 1758 usable
[build] reading JSON history from CISA mirror ...
[build]   230 distinct JSON days
[build] reading independent JSON archive (third source) ...
[build]   1112 usable of 1113 independent JSON days
[build] wrote 13 change events, 24 artifacts, 1115 multi-source days (1114 in agreement)
========================================================================
QA REPORT — KEV schema evolution
STATUS: DRAFT. Generated by code/03_qa.py.
========================================================================

Q1. SNAPSHOT COVERAGE
  snapshot files on disk      : 1760
  usable snapshots            : 1758
  unusable snapshots          : 2
  date span                   : 2021-11-12 .. 2026-09-09 (1763 days)
  coverage                    : 99.72% of calendar days
  coverage gaps               : 4
      2023-05-11  1 day(s) missing after 2023-05-09
      2024-11-28  2 day(s) missing after 2024-11-25
      2026-08-07  1 day(s) missing after 2026-08-05
      2026-08-28  1 day(s) missing after 2026-08-26
  files on disk / counted     : 1760 / 1760
  PASS: counters match disk   : YES
  PASS: coverage >= 99%       : YES

Q2. CATALOG SIZE MONOTONICITY
  daily observations          : 1758
  first count / last count    : 291 (2021-11-12) -> 1703 (2026-09-09)
  net growth                  : +1412
  days with a DECREASE        : 6
      2022-04-01  610 -> 609 (prev 2022-03-31)
      2022-05-14  661 -> 660 (prev 2022-05-13)
      2023-03-31  906 -> 905 (prev 2023-03-30)
      2023-10-04  1014 -> 1011 (prev 2023-10-03)
      2023-12-01  1043 -> 1042 (prev 2023-11-30)
      2024-09-25  1182 -> 1181 (prev 2024-09-24)
  NOTE: decreases are expected. CISA does withdraw entries. Each one
        above is a real removal to be described, not a parsing bug.

Q3. CROSS-SOURCE AGREEMENT (three sources)
    csv_daily        hrbrmstr daily CSV, 2021-11-12 onward
    json_official    CISA's own mirror, 2025-01-27 onward
    json_independent lucagrippa daily JSON, 2023-08-18 onward
    NOTE: only the json/ tree of the third source is read. Its csv/ tree
          is excluded in full, for two distinct reasons. For all 668
          shared dates before 2023-09-12 those files are byte-identical to
          hrbrmstr's and appear to be back-filled copies. The 163 later
          shared-date files do differ, and are excluded because this
          repository's independently collected JSON already represents
          that collector — counting both formats would count one collector
          twice. Per-date hashes: data/raw/third_source_csv_identity.csv.
  days with >=2 sources       : 1115
  days with 3 sources         : 223
  days all sources agree      : 1114
  agreement rate              : 99.91%
  disagreements               : 1
      2026-09-01  csv_daily missing:none; json_official missing:none; json_independent missing:forensicTriage
  EXPLANATION: the sole disagreement is a fetch-timing artifact, not
        a contradiction. On 2026-09-01 the independent archiver
        captured catalogVersion 2026.08.31 (the previous day's
        catalog) because it fetched before CISA published. Keyed on
        catalogVersion rather than capture date, all three sources
        agree: forensicTriage is absent in v2026.08.31 and present
        in v2026.09.01. See Q3b.
  PASS: <=1 disagreement, explained : YES

Q3b. CATALOG VERSION RECONCILIATION (capture date vs catalog version)
  capture      independent            official
  2026-08-29   v2026.08.27 ft=N       (none)
  2026-08-30   v2026.08.27 ft=N       (none)
  2026-08-31   v2026.08.27 ft=N       v2026.08.31 ft=N
  2026-09-01   v2026.08.31 ft=N       v2026.09.01 ft=Y
  2026-09-02   v2026.09.01 ft=Y       v2026.09.02 ft=Y
  2026-09-03   v2026.09.02 ft=Y       (none)
  2026-09-04   v2026.09.02 ft=Y       v2026.09.04 ft=Y
  2026-09-05   v2026.09.04 ft=Y       (none)
  2026-09-06   v2026.09.04 ft=Y       (none)
  2026-09-07   v2026.09.04 ft=Y       (none)
  2026-09-08   v2026.09.04 ft=Y       v2026.09.08 ft=Y
  2026-09-09   v2026.09.08 ft=Y       v2026.09.09 ft=Y
  2026-09-10   v2026.09.09 ft=Y       (none)
  CONCLUSION: forensicTriage enters at catalogVersion 2026.09.01 in
        every source that holds that version. Capture date is not
        catalog version; the timeline is reported on capture date and
        this is the one place the distinction is material.

Q4. CHANGE EVENTS
  csv track events            : 6
      2021-12-01  naming_convention_change (all fields)
      2021-12-11  field_removed  notes
      2022-05-24  field_added    notes
      2023-10-12  field_added    knownRansomwareCampaignUse
      2024-06-26  field_added    cwes
      2026-09-01  field_added    forensicTriage
  json track events           : 1
      2026-09-01  field_added    forensicTriage
  fields with >1 event        : {'notes': 2}
  NOTE: 'notes' has two events (one removal, one restoration). That is
        a genuine round trip, not flip-flopping.
  PASS: no field changes >2x  : YES

Q5. SCHEMA CONFORMANCE OF THE CURRENT CATALOG
  schema declares draft       : http://json-schema.org/draft-07/schema#
  validator used              : Draft7Validator
  validation errors           : 0
  PASS: catalog validates     : YES

Q6. SCHEMA COMPLETENESS (the central finding)
  fields described by schema  : 11
  fields present in data      : 12
  in data, NOT in schema      : ['forensicTriage']
  in schema, NOT in data      : none
  additionalProperties setting: UNSET (permissive)
  CONSEQUENCE: because additionalProperties is unset, JSON Schema
        accepts undescribed fields silently. The catalog therefore
        validates (Q5) while the schema does not describe all of it.
        A consumer generating types from the schema drops the field
        with no error. This is a documentation gap, NOT a validation
        failure, and the report must say so in those terms.
  schema file commit count    : 1
  schema first committed      : 2025-01-27
  schema last modified        : 2025-01-27
  days unmodified as of 2026-09-09: 590

Q7. NAMED SPOT CHECKS (reproduce these by hand before release)
  2021-11-12  n=  291  style=BOM+bare+label-case
              expect: first snapshot; header should be human-readable labels beginning 'CVE,Vendor/Project'
              fields: cveID,vendorProject,product,vulnerabilityName,dateAdded,shortDescription,requiredAction,dueDate,notes
  2021-12-01  n=  296  style=bare+camelCase
              expect: camelCase rename; header should begin 'cveID,vendorProject'
              fields: cveID,vendorProject,product,vulnerabilityName,dateAdded,shortDescription,requiredAction,dueDate,notes
  2023-10-12  n= 1019  style=quoted+camelCase
              expect: knownRansomwareCampaignUse first present
              fields: cveID,vendorProject,product,vulnerabilityName,dateAdded,shortDescription,requiredAction,dueDate,knownRansomwareCampaignUse,notes
  2024-06-26  n= 1126  style=bare+camelCase
              expect: cwes first present
              fields: cveID,vendorProject,product,vulnerabilityName,dateAdded,shortDescription,requiredAction,dueDate,knownRansomwareCampaignUse,notes,cwes
  2026-08-31  n= 1687  style=bare+camelCase
              expect: forensicTriage ABSENT (the day before)
              fields: cveID,vendorProject,product,vulnerabilityName,dateAdded,shortDescription,requiredAction,dueDate,knownRansomwareCampaignUse,notes,cwes
  2026-09-01  n= 1687  style=bare+camelCase
              expect: forensicTriage PRESENT (the day of)
              fields: cveID,vendorProject,product,vulnerabilityName,dateAdded,shortDescription,requiredAction,dueDate,knownRansomwareCampaignUse,forensicTriage,notes,cwes

Q8. METADATA INTEGRITY
  PASS  CITATION.cff parses as YAML
  PASS  title present and non-empty
  PASS  family-names matches AUTHORS.json
  PASS  given-names matches AUTHORS.json
  PASS  affiliation matches AUTHORS.json
  PASS  orcid matches AUTHORS.json
  PASS  licence is CC-BY-4.0
  PASS  abstract present
  PASS: metadata coherent     : YES

Q9. TITLE INTEGRITY
  PASS  report H1 is the canonical title
  PASS  README H1 is the canonical title
  PASS  CITATION.cff title matches
  PASS  canonical title appears exactly once on PDF page 1
  PASS  no superseded title on PDF page 1
  PASS  no superseded title in report
  PASS  no superseded title in README
  PASS  no superseded title in CITATION.cff
  PASS: title consistent      : YES

Q10. RELEASE NOTES AND PUBLISH GUIDE
  PASS  docs/RELEASE_NOTES.md exists
  PASS  release notes carry current multi-source days (1,115)
  PASS  release notes carry current agreement (99.91%)
  PASS  release notes carry current total events (6)
  PASS  release notes carry current transitions (5)
  PASS  release notes carry current naming events (1)
  PASS  release notes carry current derived-data licence (CC BY 4.0)
  PASS  release notes carry current canonical title (Schema Evolution in the CISA Known Exploited Vulnerabilities Catalog, 2021–2026: A Three-Source Reconstruction)
  PASS  release notes carry current data cutoff (2026-09-09)
  PASS  release notes are generated, not hand-edited
  PASS  publish guide restates no superseded figures
  PASS  publish guide points at the generated notes
  PASS: release metadata sound: YES

Q11. GENERATED DOCUMENTS
  PASS  templates/README.md.template exists
  PASS  README.md matches its template (not hand-edited)
  PASS  templates/LIMITATIONS.md.template exists
  PASS  docs/LIMITATIONS.md matches its template (not hand-edited)
  PASS  README states the total (6) and transitions (5)
  PASS  README does not conflate the two counts
  PASS  LIMITATIONS states the total (6) and transitions (5)
  PASS  LIMITATIONS does not conflate the two counts
  PASS: docs generated cleanly: YES

Q12. LINK HYGIENE
  PASS  report/kev_schema_evolution.md: no mutable-ref GitHub URL
  PASS  README.md: no mutable-ref GitHub URL
  PASS  docs/LIMITATIONS.md: no mutable-ref GitHub URL
  PASS  docs/PUBLISH_GUIDE.md: no mutable-ref GitHub URL
  PASS  docs/SNAPSHOT_LINKS.md: no mutable-ref GitHub URL
  PASS  docs/RELEASE_NOTES.md: no mutable-ref GitHub URL
  PASS  docs/ENVIRONMENT.md: no mutable-ref GitHub URL
  PASS  docs/CODEBOOK.md: no mutable-ref GitHub URL
  PASS  docs/SNAPSHOT_LINKS.md exists
  PASS  snapshot links are generated, not hand-edited
  PASS  snapshot links use the pinned hrbrmstr commit
  PASS  snapshot links contain no `main` branch path
  PASS: links durable         : YES

Q13. RELEASE-STATE INTEGRITY
  mode                       : draft
  version                    : v0.1.0-draft
  doi                        : (none — draft)
  release date               : (none — draft)
  PASS  README banner matches the generated release state
  PASS  README carries exactly one STATUS line
  PASS  CITATION.cff version matches the release state
  PASS  report identity line matches the release state
  PASS  docs/CISA_ISSUE.md exists
  PASS  CISA issue text is generated, not hand-edited
  PASS  draft build contains no DOI, real or placeholder
  PASS  draft CITATION.cff has no date-released
  PASS: release state coherent: YES

Q14. CSV-EXCLUSION LANGUAGE INTEGRITY
  files scanned               : 42
  CSV byte-identity claims    : 22
  derived boundary            : 2023-09-12 (668 identical, 163 differing)
  PASS  every CSV byte-identity claim is scoped and derived
  PASS  at least one such claim exists to check
  PASS  the QA report's Q3 note is scoped to the derived boundary
  PASS  the QA report's Q3 note makes no unconditional identity claim
  PASS: CSV language sound    : YES

========================================================================
END QA REPORT
========================================================================
[figures] release state: DRAFT v0.1.0-draft, no DOI
[figures] stats.json written (8216 bytes)
[figures] report/figures/fig01_field_timeline.png
[figures] report/figures/fig02_catalog_growth.png
[figures] report/tables/table01_change_events.md
[metadata] CITATION.cff generated (with stats figures; release state: DRAFT v0.1.0-draft, no DOI)
[release-notes] docs/RELEASE_NOTES.md generated (6 events, 99.91% agreement, CC BY 4.0 data)
[render] release state: DRAFT v0.1.0-draft, no DOI
[render] README.md <- templates/README.md.template
[render] docs/LIMITATIONS.md <- templates/LIMITATIONS.md.template
[cisa-issue] docs/CISA_ISSUE.md generated (release state: DRAFT v0.1.0-draft, no DOI)
[links] docs/SNAPSHOT_LINKS.md written (7 checks, 12 snapshots)
[document] report/kev_schema_evolution.md (3298 words, release state: DRAFT v0.1.0-draft, no DOI)
QStandardPaths: XDG_RUNTIME_DIR not set, defaulting to '/tmp/runtime-root'
Loading page (1/2)
[>                                                           ] 0%[============>                                               ] 21%[============================================================] 100%Printing pages (2/2)                                               
[>                                                           ] Done                                                           
report/kev_schema_evolution.pdf
========================================================================
QA REPORT — KEV schema evolution
STATUS: DRAFT. Generated by code/03_qa.py.
========================================================================

Q1. SNAPSHOT COVERAGE
  snapshot files on disk      : 1760
  usable snapshots            : 1758
  unusable snapshots          : 2
  date span                   : 2021-11-12 .. 2026-09-09 (1763 days)
  coverage                    : 99.72% of calendar days
  coverage gaps               : 4
      2023-05-11  1 day(s) missing after 2023-05-09
      2024-11-28  2 day(s) missing after 2024-11-25
      2026-08-07  1 day(s) missing after 2026-08-05
      2026-08-28  1 day(s) missing after 2026-08-26
  files on disk / counted     : 1760 / 1760
  PASS: counters match disk   : YES
  PASS: coverage >= 99%       : YES

Q2. CATALOG SIZE MONOTONICITY
  daily observations          : 1758
  first count / last count    : 291 (2021-11-12) -> 1703 (2026-09-09)
  net growth                  : +1412
  days with a DECREASE        : 6
      2022-04-01  610 -> 609 (prev 2022-03-31)
      2022-05-14  661 -> 660 (prev 2022-05-13)
      2023-03-31  906 -> 905 (prev 2023-03-30)
      2023-10-04  1014 -> 1011 (prev 2023-10-03)
      2023-12-01  1043 -> 1042 (prev 2023-11-30)
      2024-09-25  1182 -> 1181 (prev 2024-09-24)
  NOTE: decreases are expected. CISA does withdraw entries. Each one
        above is a real removal to be described, not a parsing bug.

Q3. CROSS-SOURCE AGREEMENT (three sources)
    csv_daily        hrbrmstr daily CSV, 2021-11-12 onward
    json_official    CISA's own mirror, 2025-01-27 onward
    json_independent lucagrippa daily JSON, 2023-08-18 onward
    NOTE: only the json/ tree of the third source is read. Its csv/ tree
          is excluded in full, for two distinct reasons. For all 668
          shared dates before 2023-09-12 those files are byte-identical to
          hrbrmstr's and appear to be back-filled copies. The 163 later
          shared-date files do differ, and are excluded because this
          repository's independently collected JSON already represents
          that collector — counting both formats would count one collector
          twice. Per-date hashes: data/raw/third_source_csv_identity.csv.
  days with >=2 sources       : 1115
  days with 3 sources         : 223
  days all sources agree      : 1114
  agreement rate              : 99.91%
  disagreements               : 1
      2026-09-01  csv_daily missing:none; json_official missing:none; json_independent missing:forensicTriage
  EXPLANATION: the sole disagreement is a fetch-timing artifact, not
        a contradiction. On 2026-09-01 the independent archiver
        captured catalogVersion 2026.08.31 (the previous day's
        catalog) because it fetched before CISA published. Keyed on
        catalogVersion rather than capture date, all three sources
        agree: forensicTriage is absent in v2026.08.31 and present
        in v2026.09.01. See Q3b.
  PASS: <=1 disagreement, explained : YES

Q3b. CATALOG VERSION RECONCILIATION (capture date vs catalog version)
  capture      independent            official
  2026-08-29   v2026.08.27 ft=N       (none)
  2026-08-30   v2026.08.27 ft=N       (none)
  2026-08-31   v2026.08.27 ft=N       v2026.08.31 ft=N
  2026-09-01   v2026.08.31 ft=N       v2026.09.01 ft=Y
  2026-09-02   v2026.09.01 ft=Y       v2026.09.02 ft=Y
  2026-09-03   v2026.09.02 ft=Y       (none)
  2026-09-04   v2026.09.02 ft=Y       v2026.09.04 ft=Y
  2026-09-05   v2026.09.04 ft=Y       (none)
  2026-09-06   v2026.09.04 ft=Y       (none)
  2026-09-07   v2026.09.04 ft=Y       (none)
  2026-09-08   v2026.09.04 ft=Y       v2026.09.08 ft=Y
  2026-09-09   v2026.09.08 ft=Y       v2026.09.09 ft=Y
  2026-09-10   v2026.09.09 ft=Y       (none)
  CONCLUSION: forensicTriage enters at catalogVersion 2026.09.01 in
        every source that holds that version. Capture date is not
        catalog version; the timeline is reported on capture date and
        this is the one place the distinction is material.

Q4. CHANGE EVENTS
  csv track events            : 6
      2021-12-01  naming_convention_change (all fields)
      2021-12-11  field_removed  notes
      2022-05-24  field_added    notes
      2023-10-12  field_added    knownRansomwareCampaignUse
      2024-06-26  field_added    cwes
      2026-09-01  field_added    forensicTriage
  json track events           : 1
      2026-09-01  field_added    forensicTriage
  fields with >1 event        : {'notes': 2}
  NOTE: 'notes' has two events (one removal, one restoration). That is
        a genuine round trip, not flip-flopping.
  PASS: no field changes >2x  : YES

Q5. SCHEMA CONFORMANCE OF THE CURRENT CATALOG
  schema declares draft       : http://json-schema.org/draft-07/schema#
  validator used              : Draft7Validator
  validation errors           : 0
  PASS: catalog validates     : YES

Q6. SCHEMA COMPLETENESS (the central finding)
  fields described by schema  : 11
  fields present in data      : 12
  in data, NOT in schema      : ['forensicTriage']
  in schema, NOT in data      : none
  additionalProperties setting: UNSET (permissive)
  CONSEQUENCE: because additionalProperties is unset, JSON Schema
        accepts undescribed fields silently. The catalog therefore
        validates (Q5) while the schema does not describe all of it.
        A consumer generating types from the schema drops the field
        with no error. This is a documentation gap, NOT a validation
        failure, and the report must say so in those terms.
  schema file commit count    : 1
  schema first committed      : 2025-01-27
  schema last modified        : 2025-01-27
  days unmodified as of 2026-09-09: 590

Q7. NAMED SPOT CHECKS (reproduce these by hand before release)
  2021-11-12  n=  291  style=BOM+bare+label-case
              expect: first snapshot; header should be human-readable labels beginning 'CVE,Vendor/Project'
              fields: cveID,vendorProject,product,vulnerabilityName,dateAdded,shortDescription,requiredAction,dueDate,notes
  2021-12-01  n=  296  style=bare+camelCase
              expect: camelCase rename; header should begin 'cveID,vendorProject'
              fields: cveID,vendorProject,product,vulnerabilityName,dateAdded,shortDescription,requiredAction,dueDate,notes
  2023-10-12  n= 1019  style=quoted+camelCase
              expect: knownRansomwareCampaignUse first present
              fields: cveID,vendorProject,product,vulnerabilityName,dateAdded,shortDescription,requiredAction,dueDate,knownRansomwareCampaignUse,notes
  2024-06-26  n= 1126  style=bare+camelCase
              expect: cwes first present
              fields: cveID,vendorProject,product,vulnerabilityName,dateAdded,shortDescription,requiredAction,dueDate,knownRansomwareCampaignUse,notes,cwes
  2026-08-31  n= 1687  style=bare+camelCase
              expect: forensicTriage ABSENT (the day before)
              fields: cveID,vendorProject,product,vulnerabilityName,dateAdded,shortDescription,requiredAction,dueDate,knownRansomwareCampaignUse,notes,cwes
  2026-09-01  n= 1687  style=bare+camelCase
              expect: forensicTriage PRESENT (the day of)
              fields: cveID,vendorProject,product,vulnerabilityName,dateAdded,shortDescription,requiredAction,dueDate,knownRansomwareCampaignUse,forensicTriage,notes,cwes

Q8. METADATA INTEGRITY
  PASS  CITATION.cff parses as YAML
  PASS  title present and non-empty
  PASS  family-names matches AUTHORS.json
  PASS  given-names matches AUTHORS.json
  PASS  affiliation matches AUTHORS.json
  PASS  orcid matches AUTHORS.json
  PASS  licence is CC-BY-4.0
  PASS  abstract present
  PASS: metadata coherent     : YES

Q9. TITLE INTEGRITY
  PASS  report H1 is the canonical title
  PASS  README H1 is the canonical title
  PASS  CITATION.cff title matches
  PASS  canonical title appears exactly once on PDF page 1
  PASS  no superseded title on PDF page 1
  PASS  no superseded title in report
  PASS  no superseded title in README
  PASS  no superseded title in CITATION.cff
  PASS: title consistent      : YES

Q10. RELEASE NOTES AND PUBLISH GUIDE
  PASS  docs/RELEASE_NOTES.md exists
  PASS  release notes carry current multi-source days (1,115)
  PASS  release notes carry current agreement (99.91%)
  PASS  release notes carry current total events (6)
  PASS  release notes carry current transitions (5)
  PASS  release notes carry current naming events (1)
  PASS  release notes carry current derived-data licence (CC BY 4.0)
  PASS  release notes carry current canonical title (Schema Evolution in the CISA Known Exploited Vulnerabilities Catalog, 2021–2026: A Three-Source Reconstruction)
  PASS  release notes carry current data cutoff (2026-09-09)
  PASS  release notes are generated, not hand-edited
  PASS  publish guide restates no superseded figures
  PASS  publish guide points at the generated notes
  PASS: release metadata sound: YES

Q11. GENERATED DOCUMENTS
  PASS  templates/README.md.template exists
  PASS  README.md matches its template (not hand-edited)
  PASS  templates/LIMITATIONS.md.template exists
  PASS  docs/LIMITATIONS.md matches its template (not hand-edited)
  PASS  README states the total (6) and transitions (5)
  PASS  README does not conflate the two counts
  PASS  LIMITATIONS states the total (6) and transitions (5)
  PASS  LIMITATIONS does not conflate the two counts
  PASS: docs generated cleanly: YES

Q12. LINK HYGIENE
  PASS  report/kev_schema_evolution.md: no mutable-ref GitHub URL
  PASS  README.md: no mutable-ref GitHub URL
  PASS  docs/LIMITATIONS.md: no mutable-ref GitHub URL
  PASS  docs/PUBLISH_GUIDE.md: no mutable-ref GitHub URL
  PASS  docs/SNAPSHOT_LINKS.md: no mutable-ref GitHub URL
  PASS  docs/RELEASE_NOTES.md: no mutable-ref GitHub URL
  PASS  docs/ENVIRONMENT.md: no mutable-ref GitHub URL
  PASS  docs/CODEBOOK.md: no mutable-ref GitHub URL
  PASS  docs/SNAPSHOT_LINKS.md exists
  PASS  snapshot links are generated, not hand-edited
  PASS  snapshot links use the pinned hrbrmstr commit
  PASS  snapshot links contain no `main` branch path
  PASS: links durable         : YES

Q13. RELEASE-STATE INTEGRITY
  mode                       : draft
  version                    : v0.1.0-draft
  doi                        : (none — draft)
  release date               : (none — draft)
  PASS  README banner matches the generated release state
  PASS  README carries exactly one STATUS line
  PASS  CITATION.cff version matches the release state
  PASS  report identity line matches the release state
  PASS  docs/CISA_ISSUE.md exists
  PASS  CISA issue text is generated, not hand-edited
  PASS  draft build contains no DOI, real or placeholder
  PASS  draft CITATION.cff has no date-released
  PASS: release state coherent: YES

Q14. CSV-EXCLUSION LANGUAGE INTEGRITY
  files scanned               : 42
  CSV byte-identity claims    : 22
  derived boundary            : 2023-09-12 (668 identical, 163 differing)
  PASS  every CSV byte-identity claim is scoped and derived
  PASS  at least one such claim exists to check
  PASS  the QA report's Q3 note is scoped to the derived boundary
  PASS  the QA report's Q3 note makes no unconditional identity claim
  PASS: CSV language sound    : YES

========================================================================
END QA REPORT
========================================================================
run_all: complete
### run_all exit: 0
### python code/tests/negative_release_tests.py
========================================================================
NEGATIVE TESTS — release-state gates (Option B)
Each case breaks the release state or a generated artifact on purpose
and asserts the specific failure. Simulated release DOI: 10.5281/zenodo.9999999 (fake, temporary copy only).
========================================================================

A. FINAL MODE REFUSES INCOMPLETE RELEASE STATE
  PASS  A1. build refuses: doi unset
  PASS  A2. build refuses: doi is a placeholder
  PASS  A3. build refuses: doi malformed
  PASS  A4. build refuses: release date unset
  PASS  A5. build refuses: release date malformed
  PASS  A6. build refuses: release date is a placeholder

B. --final IS AN ASSERTION, NOT A SWITCH
  PASS  B1. --final on a draft state refuses to build
  PASS  B2. stats.json was not switched to final by the flag
        draft=True

C. DRAFT BUILDS ARE NOT PUBLISHABLE
  PASS  C1. gate blocks a draft build
  PASS  C2. gate blocks a DOI that appears in a draft build

D. A CORRECT RELEASE STATE CLEARS THE GATE
  PASS  D1. simulated release passes the gate
  PASS  D2. README banner shows released status and the DOI
  PASS  D3. README carries the Zenodo DOI badge
  PASS  D4. CITATION.cff carries the DOI and the release date
  PASS  D5. report first page carries the DOI
  PASS  D6. report DRAFT banner is gone
  PASS  D7. CISA issue text carries the DOI and no placeholder

E. INCONSISTENCY BETWEEN FILES IS CAUGHT
  PASS  E1. hand-edited README status banner
  PASS  E2. README left with a DRAFT status
  PASS  E3. DOI in CITATION.cff disagrees
  PASS  E4. release date in CITATION.cff disagrees
  PASS  E5. version in CITATION.cff disagrees
  PASS  E6. a second, different DOI appears in the report
  PASS  E7. the DOI is missing from the CISA issue text
  PASS  E8. gate is clear again once every file is restored

F. PLACEHOLDERS THAT PREVIOUSLY EVADED THE GATE
  PASS  F1. [RELEASE_DATE] is now caught
  PASS  F2. [Zenodo DOI] is now caught
  PASS  F3. [GITHUB_USERNAME] is now caught
  PASS  F4. gate is clear once the probe file is removed

G. CSV-EXCLUSION LANGUAGE (QA gate Q14)
  PASS  G1. unconditional claim is rejected
  PASS  G2. scoped claim with no derived reference is rejected
  PASS  G3. a wrong boundary date is rejected
  PASS  G4. gate passes again once the probe is removed
  PASS  G5. the original defect, reintroduced in a source comment, is caught
  PASS  G6. gate passes again once the comment is restored

========================================================================
NEGATIVE TESTS: 35/35 passed
========================================================================

log written: verification/logs/negative-release-tests.log
### negative tests exit: 0
### release state:
release state: DRAFT v0.1.0-draft, no DOI
### publish gate (expected: blocked, this is a draft):
warning  DRAFT stamp or banner: code/05_document.py:11
warning  bracketed placeholder: code/01_fetch.py:263
warning  bracketed placeholder (all-caps): code/00_metadata.py:88
warning  DRAFT stamp or banner: code/06_publish_gate.py:5
warning  [VERIFY] tag: code/06_publish_gate.py:6
warning  [ASK] tag: code/06_publish_gate.py:6
warning  [TARGET] tag (planning artifact, not publishable): code/06_publish_gate.py:31
warning  bracketed placeholder: code/06_publish_gate.py:6
warning  placeholder identifier: code/06_publish_gate.py:44
warning  bracketed placeholder (all-caps): code/06_publish_gate.py:6
warning  bracketed DOI placeholder: code/06_publish_gate.py:6
warning  bracketed placeholder: code/10_cisa_issue.py:10
warning  bracketed placeholder (all-caps): code/10_cisa_issue.py:10
warning  bracketed DOI placeholder: code/10_cisa_issue.py:7
warning  DRAFT stamp or banner: code/04_figures.py:17
warning  bracketed placeholder: code/04_figures.py:385
warning  DRAFT stamp or banner: code/release_state.py:153
warning  bracketed placeholder: code/release_state.py:15
warning  placeholder identifier: code/release_state.py:48
warning  bracketed placeholder (all-caps): code/release_state.py:10
warning  bracketed DOI placeholder: code/release_state.py:12
warning  DRAFT stamp or banner: code/03_qa.py:70
warning  bracketed placeholder: code/03_qa.py:604
warning  bracketed placeholder: code/02_build.py:457
warning  DRAFT stamp or banner: code/tests/compare_cleanroom.py:151
warning  DRAFT stamp or banner: code/tests/negative_release_tests.py:176
warning  placeholder identifier: code/tests/negative_release_tests.py:129
warning  bracketed placeholder (all-caps): code/tests/negative_release_tests.py:142
warning  bracketed DOI placeholder: code/tests/negative_release_tests.py:124
warning  DRAFT stamp or banner: docs/VERIFY_CHECKLIST.md:636
warning  bracketed placeholder: docs/VERIFY_CHECKLIST.md:658
warning  bracketed placeholder (all-caps): docs/VERIFY_CHECKLIST.md:618
warning  bracketed DOI placeholder: docs/VERIFY_CHECKLIST.md:658
warning  DRAFT stamp or banner: docs/BUILD_SPEC.md:3
warning  DRAFT stamp or banner: docs/PUBLISH_GUIDE.md:123
warning  bracketed placeholder: docs/PUBLISH_GUIDE.md:28
warning  bracketed placeholder (all-caps): docs/PUBLISH_GUIDE.md:28
warning  bracketed DOI placeholder: docs/PUBLISH_GUIDE.md:28
BLOCKED  DRAFT stamp or banner: README.md:4
BLOCKED  DRAFT stamp or banner: report/kev_schema_evolution.md:1
BLOCKED  DRAFT stamp or banner: data/processed/qa_report.txt:3
BLOCKED  release.mode is 'draft' — this build is not a release. Set the canonical release state to final, with the reserved DOI and release date, and re-run the pipeline: metadata.json

4 blocker(s). Resolve every one, then re-run. Draft markers come off only after the author has verified the work.
### gate exit: 1
